2026-01-30 22:24:53,552 | INFO | Running on device: cuda
2026-01-30 22:24:53,554 | INFO | Config: {
  "data_root": "./data",
  "image_size": 256,
  "batch_size": 16,
  "pretrain_batch_size": 160,
  "num_workers": 8,
  "seed": 42,
  "device": "cuda",
  "amp": true,
  "exp_name": "demo",
  "output_dir": "runs",
  "rebuild_split": false,
  "split": {
    "val_ratio": 0.2,
    "test_ratio": 0.1
  },
  "task": {
    "run_seg": true,
    "run_cls": true,
    "run_pretrain": true,
    "run_pretrained_encoder_to_seg": true
  },
  "optim": {
    "lr": 0.001,
    "weight_decay": 0.0001,
    "grad_clip_norm": 1.0,
    "grad_accum_steps": 1
  },
  "scheduler": {
    "type": "cosine",
    "t_max": 10,
    "eta_min": 1e-6,
    "plateau_factor": 0.5,
    "plateau_patience": 3
  },
  "epochs": {
    "seg": 150,
    "cls": 150,
    "pretrain": 100,
    "seg_ft": 50,
    "freeze_encoder_epochs": 5
  },
  "model": {
    "base_channels": 32,
    "depth": 4,
    "num_classes": 3
  },
  "pretrain": {
    "proj_dim": 128,
    "temperature": 0.2
  },
  "loss": {
    "seg_ce_weight": 1.0,
    "seg_dice_weight": 0.5
  },
  "dataloader": {
    "pin_memory": true,
    "prefetch_factor": 2,
    "persistent_workers": true
  },
  "logging": {
    "log_images_every": 5,
    "num_visual_samples": 4
  },
  "seg_output": {
    "save_original_size": true,
    "pred_mask_values": "zero_based",
    "save_overlay": true
  },
  "cls_output": {
    "save_topk_errors": true,
    "topk_errors": 12
  }
}
2026-01-30 22:24:53,612 | INFO | Loaded splits: {'n': 1600, 'seed': 42, 'val_ratio': 0.2, 'test_ratio': 0.1}
2026-01-30 22:25:55,444 | INFO | [seg] ep1: val_loss=1.0748 dice=0.5628 iou=0.4234
2026-01-30 22:25:58,295 | INFO | [seg] ep2: val_loss=0.9291 dice=0.5809 iou=0.4361
2026-01-30 22:26:01,080 | INFO | [seg] ep3: val_loss=0.9204 dice=0.5957 iou=0.4712
2026-01-30 22:26:03,868 | INFO | [seg] ep4: val_loss=0.8062 dice=0.6635 iou=0.5202
2026-01-30 22:26:06,965 | INFO | [seg] ep5: val_loss=0.9281 dice=0.6384 iou=0.5041
2026-01-30 22:26:09,881 | INFO | [seg] ep6: val_loss=0.6990 dice=0.7091 iou=0.5716
2026-01-30 22:26:12,724 | INFO | [seg] ep7: val_loss=0.6406 dice=0.7293 iou=0.5967
2026-01-30 22:26:15,532 | INFO | [seg] ep8: val_loss=0.7206 dice=0.6987 iou=0.5579
2026-01-30 22:26:18,418 | INFO | [seg] ep9: val_loss=0.7314 dice=0.7164 iou=0.5799
2026-01-30 22:26:21,495 | INFO | [seg] ep10: val_loss=0.6666 dice=0.7347 iou=0.5991
2026-01-30 22:26:24,377 | INFO | [seg] ep11: val_loss=0.6135 dice=0.7500 iou=0.6177
2026-01-30 22:26:27,299 | INFO | [seg] ep12: val_loss=0.6884 dice=0.7415 iou=0.6064
2026-01-30 22:26:30,181 | INFO | [seg] ep13: val_loss=0.5987 dice=0.7613 iou=0.6313
2026-01-30 22:26:33,037 | INFO | [seg] ep14: val_loss=0.6639 dice=0.7486 iou=0.6148
2026-01-30 22:26:36,146 | INFO | [seg] ep15: val_loss=0.7208 dice=0.7497 iou=0.6158
2026-01-30 22:26:38,997 | INFO | [seg] ep16: val_loss=0.5206 dice=0.7812 iou=0.6596
2026-01-30 22:26:41,880 | INFO | [seg] ep17: val_loss=0.5664 dice=0.7584 iou=0.6308
2026-01-30 22:26:44,718 | INFO | [seg] ep18: val_loss=0.5509 dice=0.7763 iou=0.6554
2026-01-30 22:26:47,542 | INFO | [seg] ep19: val_loss=0.4930 dice=0.7933 iou=0.6761
2026-01-30 22:26:50,634 | INFO | [seg] ep20: val_loss=0.4800 dice=0.7903 iou=0.6741
2026-01-30 22:26:53,495 | INFO | [seg] ep21: val_loss=0.5388 dice=0.7765 iou=0.6518
2026-01-30 22:26:56,312 | INFO | [seg] ep22: val_loss=0.4753 dice=0.8035 iou=0.6876
2026-01-30 22:26:59,137 | INFO | [seg] ep23: val_loss=0.5916 dice=0.7781 iou=0.6532
2026-01-30 22:27:01,951 | INFO | [seg] ep24: val_loss=0.5161 dice=0.7859 iou=0.6634
2026-01-30 22:27:05,097 | INFO | [seg] ep25: val_loss=0.5219 dice=0.7868 iou=0.6662
2026-01-30 22:27:07,962 | INFO | [seg] ep26: val_loss=0.5216 dice=0.7789 iou=0.6562
2026-01-30 22:27:10,873 | INFO | [seg] ep27: val_loss=0.5058 dice=0.7997 iou=0.6820
2026-01-30 22:27:13,750 | INFO | [seg] ep28: val_loss=0.4373 dice=0.8134 iou=0.7027
2026-01-30 22:27:16,633 | INFO | [seg] ep29: val_loss=0.4446 dice=0.8130 iou=0.7009
2026-01-30 22:27:19,747 | INFO | [seg] ep30: val_loss=0.4431 dice=0.8120 iou=0.6995
2026-01-30 22:27:22,635 | INFO | [seg] ep31: val_loss=0.4369 dice=0.8133 iou=0.7017
2026-01-30 22:27:25,514 | INFO | [seg] ep32: val_loss=0.4784 dice=0.8098 iou=0.6963
2026-01-30 22:27:28,381 | INFO | [seg] ep33: val_loss=0.4980 dice=0.7947 iou=0.6754
2026-01-30 22:27:31,277 | INFO | [seg] ep34: val_loss=0.4074 dice=0.8263 iou=0.7203
2026-01-30 22:27:34,457 | INFO | [seg] ep35: val_loss=0.4215 dice=0.8242 iou=0.7163
2026-01-30 22:27:37,346 | INFO | [seg] ep36: val_loss=0.4459 dice=0.8144 iou=0.7014
2026-01-30 22:27:40,247 | INFO | [seg] ep37: val_loss=0.4235 dice=0.8176 iou=0.7084
2026-01-30 22:27:43,106 | INFO | [seg] ep38: val_loss=0.4976 dice=0.8133 iou=0.6991
2026-01-30 22:27:45,971 | INFO | [seg] ep39: val_loss=0.4432 dice=0.8141 iou=0.7024
2026-01-30 22:27:49,077 | INFO | [seg] ep40: val_loss=0.4212 dice=0.8182 iou=0.7087
2026-01-30 22:27:52,005 | INFO | [seg] ep41: val_loss=0.4569 dice=0.8171 iou=0.7061
2026-01-30 22:27:54,879 | INFO | [seg] ep42: val_loss=0.4024 dice=0.8299 iou=0.7242
2026-01-30 22:27:57,814 | INFO | [seg] ep43: val_loss=0.4254 dice=0.8174 iou=0.7077
2026-01-30 22:28:00,687 | INFO | [seg] ep44: val_loss=0.3910 dice=0.8314 iou=0.7275
2026-01-30 22:28:03,873 | INFO | [seg] ep45: val_loss=0.4189 dice=0.8208 iou=0.7134
2026-01-30 22:28:06,771 | INFO | [seg] ep46: val_loss=0.3967 dice=0.8281 iou=0.7248
2026-01-30 22:28:09,642 | INFO | [seg] ep47: val_loss=0.3986 dice=0.8324 iou=0.7277
2026-01-30 22:28:12,554 | INFO | [seg] ep48: val_loss=0.3882 dice=0.8325 iou=0.7290
2026-01-30 22:28:15,472 | INFO | [seg] ep49: val_loss=0.4337 dice=0.8255 iou=0.7163
2026-01-30 22:28:18,621 | INFO | [seg] ep50: val_loss=0.4098 dice=0.8269 iou=0.7200
2026-01-30 22:28:21,511 | INFO | [seg] ep51: val_loss=0.3827 dice=0.8397 iou=0.7383
2026-01-30 22:28:24,404 | INFO | [seg] ep52: val_loss=0.4407 dice=0.8275 iou=0.7192
2026-01-30 22:28:27,256 | INFO | [seg] ep53: val_loss=0.3898 dice=0.8335 iou=0.7299
2026-01-30 22:28:30,099 | INFO | [seg] ep54: val_loss=0.3751 dice=0.8375 iou=0.7359
2026-01-30 22:28:33,132 | INFO | [seg] ep55: val_loss=0.4102 dice=0.8291 iou=0.7239
2026-01-30 22:28:36,076 | INFO | [seg] ep56: val_loss=0.3707 dice=0.8403 iou=0.7400
2026-01-30 22:28:38,970 | INFO | [seg] ep57: val_loss=0.3851 dice=0.8392 iou=0.7378
2026-01-30 22:28:41,917 | INFO | [seg] ep58: val_loss=0.4011 dice=0.8330 iou=0.7296
2026-01-30 22:28:44,841 | INFO | [seg] ep59: val_loss=0.4185 dice=0.8360 iou=0.7318
2026-01-30 22:28:47,984 | INFO | [seg] ep60: val_loss=0.3681 dice=0.8432 iou=0.7439
2026-01-30 22:28:50,892 | INFO | [seg] ep61: val_loss=0.3731 dice=0.8428 iou=0.7423
2026-01-30 22:28:53,723 | INFO | [seg] ep62: val_loss=0.3710 dice=0.8430 iou=0.7428
2026-01-30 22:28:56,538 | INFO | [seg] ep63: val_loss=0.3888 dice=0.8400 iou=0.7374
2026-01-30 22:28:59,319 | INFO | [seg] ep64: val_loss=0.3618 dice=0.8436 iou=0.7448
2026-01-30 22:29:02,372 | INFO | [seg] ep65: val_loss=0.3667 dice=0.8422 iou=0.7422
2026-01-30 22:29:05,220 | INFO | [seg] ep66: val_loss=0.3880 dice=0.8423 iou=0.7411
2026-01-30 22:29:08,043 | INFO | [seg] ep67: val_loss=0.3679 dice=0.8453 iou=0.7459
2026-01-30 22:29:10,895 | INFO | [seg] ep68: val_loss=0.4368 dice=0.8305 iou=0.7245
2026-01-30 22:29:13,731 | INFO | [seg] ep69: val_loss=0.3581 dice=0.8486 iou=0.7518
2026-01-30 22:29:16,812 | INFO | [seg] ep70: val_loss=0.3606 dice=0.8457 iou=0.7475
2026-01-30 22:29:19,623 | INFO | [seg] ep71: val_loss=0.3612 dice=0.8469 iou=0.7493
2026-01-30 22:29:22,418 | INFO | [seg] ep72: val_loss=0.3495 dice=0.8488 iou=0.7523
2026-01-30 22:29:25,263 | INFO | [seg] ep73: val_loss=0.3528 dice=0.8505 iou=0.7535
2026-01-30 22:29:28,126 | INFO | [seg] ep74: val_loss=0.3653 dice=0.8494 iou=0.7523
2026-01-30 22:29:31,159 | INFO | [seg] ep75: val_loss=0.3579 dice=0.8478 iou=0.7515
2026-01-30 22:29:34,011 | INFO | [seg] ep76: val_loss=0.3520 dice=0.8512 iou=0.7546
2026-01-30 22:29:36,855 | INFO | [seg] ep77: val_loss=0.3564 dice=0.8486 iou=0.7516
2026-01-30 22:29:39,660 | INFO | [seg] ep78: val_loss=0.3431 dice=0.8526 iou=0.7568
2026-01-30 22:29:42,555 | INFO | [seg] ep79: val_loss=0.3569 dice=0.8520 iou=0.7568
2026-01-30 22:29:45,637 | INFO | [seg] ep80: val_loss=0.3447 dice=0.8551 iou=0.7609
2026-01-30 22:29:48,480 | INFO | [seg] ep81: val_loss=0.3637 dice=0.8493 iou=0.7520
2026-01-30 22:29:51,316 | INFO | [seg] ep82: val_loss=0.3498 dice=0.8529 iou=0.7575
2026-01-30 22:29:54,138 | INFO | [seg] ep83: val_loss=0.3500 dice=0.8543 iou=0.7594
2026-01-30 22:29:56,970 | INFO | [seg] ep84: val_loss=0.3449 dice=0.8526 iou=0.7582
2026-01-30 22:30:00,018 | INFO | [seg] ep85: val_loss=0.3595 dice=0.8502 iou=0.7546
2026-01-30 22:30:02,915 | INFO | [seg] ep86: val_loss=0.3475 dice=0.8533 iou=0.7584
2026-01-30 22:30:05,838 | INFO | [seg] ep87: val_loss=0.3496 dice=0.8548 iou=0.7606
2026-01-30 22:30:08,718 | INFO | [seg] ep88: val_loss=0.3431 dice=0.8568 iou=0.7636
2026-01-30 22:30:11,580 | INFO | [seg] ep89: val_loss=0.3413 dice=0.8557 iou=0.7615
2026-01-30 22:30:14,619 | INFO | [seg] ep90: val_loss=0.3416 dice=0.8569 iou=0.7632
2026-01-30 22:30:17,560 | INFO | [seg] ep91: val_loss=0.3585 dice=0.8529 iou=0.7573
2026-01-30 22:30:20,388 | INFO | [seg] ep92: val_loss=0.3488 dice=0.8564 iou=0.7628
2026-01-30 22:30:23,266 | INFO | [seg] ep93: val_loss=0.3518 dice=0.8557 iou=0.7613
2026-01-30 22:30:26,101 | INFO | [seg] ep94: val_loss=0.3514 dice=0.8552 iou=0.7610
2026-01-30 22:30:29,226 | INFO | [seg] ep95: val_loss=0.3430 dice=0.8578 iou=0.7646
2026-01-30 22:30:32,099 | INFO | [seg] ep96: val_loss=0.3403 dice=0.8580 iou=0.7654
2026-01-30 22:30:34,965 | INFO | [seg] ep97: val_loss=0.3400 dice=0.8590 iou=0.7669
2026-01-30 22:30:37,839 | INFO | [seg] ep98: val_loss=0.3397 dice=0.8577 iou=0.7646
2026-01-30 22:30:40,674 | INFO | [seg] ep99: val_loss=0.3549 dice=0.8539 iou=0.7593
2026-01-30 22:30:43,764 | INFO | [seg] ep100: val_loss=0.3524 dice=0.8569 iou=0.7634
2026-01-30 22:30:46,630 | INFO | [seg] ep101: val_loss=0.3396 dice=0.8598 iou=0.7680
2026-01-30 22:30:49,544 | INFO | [seg] ep102: val_loss=0.3493 dice=0.8564 iou=0.7625
2026-01-30 22:30:52,397 | INFO | [seg] ep103: val_loss=0.3503 dice=0.8590 iou=0.7664
2026-01-30 22:30:55,275 | INFO | [seg] ep104: val_loss=0.3439 dice=0.8596 iou=0.7675
2026-01-30 22:30:58,364 | INFO | [seg] ep105: val_loss=0.3400 dice=0.8604 iou=0.7685
2026-01-30 22:31:01,297 | INFO | [seg] ep106: val_loss=0.3417 dice=0.8597 iou=0.7675
2026-01-30 22:31:04,068 | INFO | [seg] ep107: val_loss=0.3262 dice=0.8626 iou=0.7719
2026-01-30 22:31:06,901 | INFO | [seg] ep108: val_loss=0.3403 dice=0.8611 iou=0.7697
2026-01-30 22:31:09,742 | INFO | [seg] ep109: val_loss=0.3347 dice=0.8624 iou=0.7717
2026-01-30 22:31:12,865 | INFO | [seg] ep110: val_loss=0.3337 dice=0.8622 iou=0.7713
2026-01-30 22:31:15,719 | INFO | [seg] ep111: val_loss=0.3376 dice=0.8622 iou=0.7715
2026-01-30 22:31:18,586 | INFO | [seg] ep112: val_loss=0.3443 dice=0.8594 iou=0.7672
2026-01-30 22:31:21,447 | INFO | [seg] ep113: val_loss=0.3370 dice=0.8620 iou=0.7711
2026-01-30 22:31:24,320 | INFO | [seg] ep114: val_loss=0.3434 dice=0.8612 iou=0.7699
2026-01-30 22:31:27,416 | INFO | [seg] ep115: val_loss=0.3339 dice=0.8617 iou=0.7705
2026-01-30 22:31:30,251 | INFO | [seg] ep116: val_loss=0.3384 dice=0.8625 iou=0.7719
2026-01-30 22:31:33,083 | INFO | [seg] ep117: val_loss=0.3408 dice=0.8612 iou=0.7698
2026-01-30 22:31:35,928 | INFO | [seg] ep118: val_loss=0.3404 dice=0.8606 iou=0.7689
2026-01-30 22:31:38,764 | INFO | [seg] ep119: val_loss=0.3465 dice=0.8613 iou=0.7703
2026-01-30 22:31:41,805 | INFO | [seg] ep120: val_loss=0.3414 dice=0.8617 iou=0.7704
2026-01-30 22:31:44,637 | INFO | [seg] ep121: val_loss=0.3380 dice=0.8620 iou=0.7709
2026-01-30 22:31:47,486 | INFO | [seg] ep122: val_loss=0.3379 dice=0.8629 iou=0.7722
2026-01-30 22:31:50,315 | INFO | [seg] ep123: val_loss=0.3393 dice=0.8625 iou=0.7716
2026-01-30 22:31:53,165 | INFO | [seg] ep124: val_loss=0.3442 dice=0.8612 iou=0.7697
2026-01-30 22:31:56,230 | INFO | [seg] ep125: val_loss=0.3435 dice=0.8614 iou=0.7702
2026-01-30 22:31:59,111 | INFO | [seg] ep126: val_loss=0.3388 dice=0.8628 iou=0.7722
2026-01-30 22:32:01,976 | INFO | [seg] ep127: val_loss=0.3382 dice=0.8618 iou=0.7708
2026-01-30 22:32:04,833 | INFO | [seg] ep128: val_loss=0.3376 dice=0.8632 iou=0.7726
2026-01-30 22:32:07,658 | INFO | [seg] ep129: val_loss=0.3335 dice=0.8637 iou=0.7735
2026-01-30 22:32:10,725 | INFO | [seg] ep130: val_loss=0.3357 dice=0.8635 iou=0.7729
2026-01-30 22:32:13,575 | INFO | [seg] ep131: val_loss=0.3418 dice=0.8627 iou=0.7717
2026-01-30 22:32:16,390 | INFO | [seg] ep132: val_loss=0.3385 dice=0.8634 iou=0.7730
2026-01-30 22:32:19,214 | INFO | [seg] ep133: val_loss=0.3365 dice=0.8630 iou=0.7728
2026-01-30 22:32:22,059 | INFO | [seg] ep134: val_loss=0.3412 dice=0.8629 iou=0.7722
2026-01-30 22:32:25,097 | INFO | [seg] ep135: val_loss=0.3384 dice=0.8639 iou=0.7738
2026-01-30 22:32:27,954 | INFO | [seg] ep136: val_loss=0.3415 dice=0.8621 iou=0.7709
2026-01-30 22:32:30,806 | INFO | [seg] ep137: val_loss=0.3392 dice=0.8627 iou=0.7719
2026-01-30 22:32:33,618 | INFO | [seg] ep138: val_loss=0.3384 dice=0.8630 iou=0.7726
2026-01-30 22:32:36,417 | INFO | [seg] ep139: val_loss=0.3414 dice=0.8629 iou=0.7720
2026-01-30 22:32:39,450 | INFO | [seg] ep140: val_loss=0.3391 dice=0.8631 iou=0.7726
2026-01-30 22:32:42,251 | INFO | [seg] ep141: val_loss=0.3404 dice=0.8628 iou=0.7720
2026-01-30 22:32:45,098 | INFO | [seg] ep142: val_loss=0.3403 dice=0.8632 iou=0.7727
2026-01-30 22:32:47,896 | INFO | [seg] ep143: val_loss=0.3417 dice=0.8631 iou=0.7724
2026-01-30 22:32:50,672 | INFO | [seg] ep144: val_loss=0.3387 dice=0.8632 iou=0.7726
2026-01-30 22:32:53,711 | INFO | [seg] ep145: val_loss=0.3394 dice=0.8630 iou=0.7724
2026-01-30 22:32:56,530 | INFO | [seg] ep146: val_loss=0.3407 dice=0.8629 iou=0.7722
2026-01-30 22:32:59,364 | INFO | [seg] ep147: val_loss=0.3397 dice=0.8632 iou=0.7727
2026-01-30 22:33:02,168 | INFO | [seg] ep148: val_loss=0.3415 dice=0.8631 iou=0.7724
2026-01-30 22:33:04,972 | INFO | [seg] ep149: val_loss=0.3414 dice=0.8630 iou=0.7723
2026-01-30 22:33:07,959 | INFO | [seg] ep150: val_loss=0.3388 dice=0.8631 iou=0.7725
2026-01-30 22:33:08,012 | INFO | [seg] best_dice=0.8639 saved: runs\demo\cuda-20260130-222453\unet_scratch.pt
2026-01-30 22:33:44,661 | INFO | [seg] test metrics: {'loss': 0.39872057139873507, 'dice': 0.8543641567230225, 'iou': 0.7583503723144531, 'dice_c0': 0.9005851745605469, 'iou_c0': 0.8191496133804321, 'dice_c1': 0.9462046027183533, 'iou_c1': 0.8979015946388245, 'dice_c2': 0.7163026928901672, 'iou_c2': 0.5579997301101685}
2026-01-30 22:34:28,260 | INFO | [cls] ep1: val_loss=1.0583 acc=0.5781
2026-01-30 22:34:29,680 | INFO | [cls] ep2: val_loss=0.6495 acc=0.6062
2026-01-30 22:34:31,275 | INFO | [cls] ep3: val_loss=0.6292 acc=0.6687
2026-01-30 22:34:32,602 | INFO | [cls] ep4: val_loss=0.5957 acc=0.6937
2026-01-30 22:34:33,924 | INFO | [cls] ep5: val_loss=0.5835 acc=0.7125
2026-01-30 22:34:35,255 | INFO | [cls] ep6: val_loss=0.6319 acc=0.7344
2026-01-30 22:34:36,556 | INFO | [cls] ep7: val_loss=0.6454 acc=0.7063
2026-01-30 22:34:37,862 | INFO | [cls] ep8: val_loss=0.5683 acc=0.7500
2026-01-30 22:34:39,174 | INFO | [cls] ep9: val_loss=0.4800 acc=0.7594
2026-01-30 22:34:40,492 | INFO | [cls] ep10: val_loss=0.5497 acc=0.7719
2026-01-30 22:34:41,831 | INFO | [cls] ep11: val_loss=0.4832 acc=0.8031
2026-01-30 22:34:43,154 | INFO | [cls] ep12: val_loss=0.9043 acc=0.7063
2026-01-30 22:34:44,485 | INFO | [cls] ep13: val_loss=0.4709 acc=0.7875
2026-01-30 22:34:45,783 | INFO | [cls] ep14: val_loss=0.5056 acc=0.7969
2026-01-30 22:34:47,059 | INFO | [cls] ep15: val_loss=0.4258 acc=0.8000
2026-01-30 22:34:48,359 | INFO | [cls] ep16: val_loss=0.4698 acc=0.8187
2026-01-30 22:34:49,679 | INFO | [cls] ep17: val_loss=0.5567 acc=0.8000
2026-01-30 22:34:51,001 | INFO | [cls] ep18: val_loss=1.4163 acc=0.6156
2026-01-30 22:34:52,286 | INFO | [cls] ep19: val_loss=0.4782 acc=0.8187
2026-01-30 22:34:53,573 | INFO | [cls] ep20: val_loss=0.4619 acc=0.7812
2026-01-30 22:34:54,847 | INFO | [cls] ep21: val_loss=1.0113 acc=0.7031
2026-01-30 22:34:56,122 | INFO | [cls] ep22: val_loss=0.4268 acc=0.8375
2026-01-30 22:34:57,403 | INFO | [cls] ep23: val_loss=1.3172 acc=0.6531
2026-01-30 22:34:58,687 | INFO | [cls] ep24: val_loss=0.5212 acc=0.8125
2026-01-30 22:34:59,981 | INFO | [cls] ep25: val_loss=0.3991 acc=0.8375
2026-01-30 22:35:01,276 | INFO | [cls] ep26: val_loss=0.4470 acc=0.8250
2026-01-30 22:35:02,572 | INFO | [cls] ep27: val_loss=0.4378 acc=0.8094
2026-01-30 22:35:03,900 | INFO | [cls] ep28: val_loss=0.4220 acc=0.8438
2026-01-30 22:35:05,199 | INFO | [cls] ep29: val_loss=0.4993 acc=0.7625
2026-01-30 22:35:06,480 | INFO | [cls] ep30: val_loss=0.3981 acc=0.8562
2026-01-30 22:35:07,808 | INFO | [cls] ep31: val_loss=0.8640 acc=0.6469
2026-01-30 22:35:09,121 | INFO | [cls] ep32: val_loss=0.3630 acc=0.8562
2026-01-30 22:35:10,406 | INFO | [cls] ep33: val_loss=0.4084 acc=0.8656
2026-01-30 22:35:11,749 | INFO | [cls] ep34: val_loss=0.3859 acc=0.8344
2026-01-30 22:35:13,031 | INFO | [cls] ep35: val_loss=0.5303 acc=0.7688
2026-01-30 22:35:14,319 | INFO | [cls] ep36: val_loss=0.4324 acc=0.8375
2026-01-30 22:35:15,610 | INFO | [cls] ep37: val_loss=0.5798 acc=0.7531
2026-01-30 22:35:16,888 | INFO | [cls] ep38: val_loss=0.3292 acc=0.8781
2026-01-30 22:35:18,186 | INFO | [cls] ep39: val_loss=0.5862 acc=0.8156
2026-01-30 22:35:19,463 | INFO | [cls] ep40: val_loss=0.3448 acc=0.8750
2026-01-30 22:35:20,733 | INFO | [cls] ep41: val_loss=0.5393 acc=0.8375
2026-01-30 22:35:22,011 | INFO | [cls] ep42: val_loss=0.3497 acc=0.8688
2026-01-30 22:35:23,272 | INFO | [cls] ep43: val_loss=0.3447 acc=0.8625
2026-01-30 22:35:24,550 | INFO | [cls] ep44: val_loss=0.3661 acc=0.8781
2026-01-30 22:35:25,835 | INFO | [cls] ep45: val_loss=0.3569 acc=0.8469
2026-01-30 22:35:27,134 | INFO | [cls] ep46: val_loss=0.7025 acc=0.7438
2026-01-30 22:35:28,415 | INFO | [cls] ep47: val_loss=0.4637 acc=0.8250
2026-01-30 22:35:29,728 | INFO | [cls] ep48: val_loss=0.3518 acc=0.8906
2026-01-30 22:35:31,021 | INFO | [cls] ep49: val_loss=0.7167 acc=0.8219
2026-01-30 22:35:32,339 | INFO | [cls] ep50: val_loss=0.3393 acc=0.9031
2026-01-30 22:35:33,636 | INFO | [cls] ep51: val_loss=0.2681 acc=0.9000
2026-01-30 22:35:34,901 | INFO | [cls] ep52: val_loss=0.3284 acc=0.8688
2026-01-30 22:35:36,191 | INFO | [cls] ep53: val_loss=0.3872 acc=0.8875
2026-01-30 22:35:37,465 | INFO | [cls] ep54: val_loss=0.3563 acc=0.9062
2026-01-30 22:35:38,749 | INFO | [cls] ep55: val_loss=0.3385 acc=0.8812
2026-01-30 22:35:40,041 | INFO | [cls] ep56: val_loss=0.3185 acc=0.8875
2026-01-30 22:35:41,296 | INFO | [cls] ep57: val_loss=0.7082 acc=0.8375
2026-01-30 22:35:42,586 | INFO | [cls] ep58: val_loss=0.2501 acc=0.9062
2026-01-30 22:35:43,862 | INFO | [cls] ep59: val_loss=0.2555 acc=0.9000
2026-01-30 22:35:45,174 | INFO | [cls] ep60: val_loss=0.7413 acc=0.7625
2026-01-30 22:35:46,443 | INFO | [cls] ep61: val_loss=0.2959 acc=0.8812
2026-01-30 22:35:47,706 | INFO | [cls] ep62: val_loss=0.2660 acc=0.9000
2026-01-30 22:35:48,978 | INFO | [cls] ep63: val_loss=0.2694 acc=0.9031
2026-01-30 22:35:50,241 | INFO | [cls] ep64: val_loss=0.3034 acc=0.9000
2026-01-30 22:35:51,507 | INFO | [cls] ep65: val_loss=0.2991 acc=0.9000
2026-01-30 22:35:52,803 | INFO | [cls] ep66: val_loss=0.2916 acc=0.8812
2026-01-30 22:35:54,085 | INFO | [cls] ep67: val_loss=0.5511 acc=0.8844
2026-01-30 22:35:55,369 | INFO | [cls] ep68: val_loss=0.2652 acc=0.9000
2026-01-30 22:35:56,685 | INFO | [cls] ep69: val_loss=0.3306 acc=0.9094
2026-01-30 22:35:57,982 | INFO | [cls] ep70: val_loss=0.2731 acc=0.9031
2026-01-30 22:35:59,275 | INFO | [cls] ep71: val_loss=0.2497 acc=0.9062
2026-01-30 22:36:00,530 | INFO | [cls] ep72: val_loss=0.2752 acc=0.9031
2026-01-30 22:36:01,808 | INFO | [cls] ep73: val_loss=0.2466 acc=0.9094
2026-01-30 22:36:03,089 | INFO | [cls] ep74: val_loss=0.2918 acc=0.9250
2026-01-30 22:36:04,412 | INFO | [cls] ep75: val_loss=0.3094 acc=0.8906
2026-01-30 22:36:05,687 | INFO | [cls] ep76: val_loss=0.2968 acc=0.9031
2026-01-30 22:36:06,954 | INFO | [cls] ep77: val_loss=0.3010 acc=0.8969
2026-01-30 22:36:08,208 | INFO | [cls] ep78: val_loss=0.2971 acc=0.9156
2026-01-30 22:36:09,493 | INFO | [cls] ep79: val_loss=0.2773 acc=0.9094
2026-01-30 22:36:10,775 | INFO | [cls] ep80: val_loss=0.3029 acc=0.9000
2026-01-30 22:36:12,060 | INFO | [cls] ep81: val_loss=0.2721 acc=0.9281
2026-01-30 22:36:13,351 | INFO | [cls] ep82: val_loss=0.2703 acc=0.9250
2026-01-30 22:36:14,631 | INFO | [cls] ep83: val_loss=0.3347 acc=0.9125
2026-01-30 22:36:15,913 | INFO | [cls] ep84: val_loss=0.2613 acc=0.9187
2026-01-30 22:36:17,203 | INFO | [cls] ep85: val_loss=0.3412 acc=0.9000
2026-01-30 22:36:18,468 | INFO | [cls] ep86: val_loss=0.3048 acc=0.9187
2026-01-30 22:36:19,739 | INFO | [cls] ep87: val_loss=0.3105 acc=0.9187
2026-01-30 22:36:21,032 | INFO | [cls] ep88: val_loss=0.3257 acc=0.9031
2026-01-30 22:36:22,299 | INFO | [cls] ep89: val_loss=0.6138 acc=0.8812
2026-01-30 22:36:23,567 | INFO | [cls] ep90: val_loss=0.3026 acc=0.9094
2026-01-30 22:36:24,832 | INFO | [cls] ep91: val_loss=0.3386 acc=0.9156
2026-01-30 22:36:26,103 | INFO | [cls] ep92: val_loss=0.3029 acc=0.9125
2026-01-30 22:36:27,401 | INFO | [cls] ep93: val_loss=0.3457 acc=0.9125
2026-01-30 22:36:28,653 | INFO | [cls] ep94: val_loss=0.2945 acc=0.9219
2026-01-30 22:36:29,943 | INFO | [cls] ep95: val_loss=0.3157 acc=0.9219
2026-01-30 22:36:31,211 | INFO | [cls] ep96: val_loss=0.2869 acc=0.9156
2026-01-30 22:36:32,500 | INFO | [cls] ep97: val_loss=0.3347 acc=0.9031
2026-01-30 22:36:33,772 | INFO | [cls] ep98: val_loss=0.3935 acc=0.9156
2026-01-30 22:36:35,057 | INFO | [cls] ep99: val_loss=0.3056 acc=0.9187
2026-01-30 22:36:36,340 | INFO | [cls] ep100: val_loss=0.3454 acc=0.9219
2026-01-30 22:36:37,629 | INFO | [cls] ep101: val_loss=0.3445 acc=0.9094
2026-01-30 22:36:38,895 | INFO | [cls] ep102: val_loss=0.3327 acc=0.9250
2026-01-30 22:36:40,172 | INFO | [cls] ep103: val_loss=0.4069 acc=0.9000
2026-01-30 22:36:41,474 | INFO | [cls] ep104: val_loss=0.2917 acc=0.9156
2026-01-30 22:36:42,761 | INFO | [cls] ep105: val_loss=0.2581 acc=0.9062
2026-01-30 22:36:44,066 | INFO | [cls] ep106: val_loss=0.2904 acc=0.9094
2026-01-30 22:36:45,343 | INFO | [cls] ep107: val_loss=0.2366 acc=0.9219
2026-01-30 22:36:46,615 | INFO | [cls] ep108: val_loss=0.2270 acc=0.9219
2026-01-30 22:36:47,883 | INFO | [cls] ep109: val_loss=0.3039 acc=0.9187
2026-01-30 22:36:49,149 | INFO | [cls] ep110: val_loss=0.2545 acc=0.9156
2026-01-30 22:36:50,404 | INFO | [cls] ep111: val_loss=0.2782 acc=0.9156
2026-01-30 22:36:51,722 | INFO | [cls] ep112: val_loss=0.3405 acc=0.9094
2026-01-30 22:36:53,080 | INFO | [cls] ep113: val_loss=0.2842 acc=0.9281
2026-01-30 22:36:54,364 | INFO | [cls] ep114: val_loss=0.3109 acc=0.9062
2026-01-30 22:36:55,646 | INFO | [cls] ep115: val_loss=0.3180 acc=0.9125
2026-01-30 22:36:56,934 | INFO | [cls] ep116: val_loss=0.2511 acc=0.9344
2026-01-30 22:36:58,242 | INFO | [cls] ep117: val_loss=0.2429 acc=0.9156
2026-01-30 22:36:59,507 | INFO | [cls] ep118: val_loss=0.2582 acc=0.9125
2026-01-30 22:37:00,799 | INFO | [cls] ep119: val_loss=0.2917 acc=0.9250
2026-01-30 22:37:02,087 | INFO | [cls] ep120: val_loss=0.2887 acc=0.9281
2026-01-30 22:37:03,358 | INFO | [cls] ep121: val_loss=0.2664 acc=0.9281
2026-01-30 22:37:04,610 | INFO | [cls] ep122: val_loss=0.2633 acc=0.9250
2026-01-30 22:37:05,893 | INFO | [cls] ep123: val_loss=0.2467 acc=0.9313
2026-01-30 22:37:07,180 | INFO | [cls] ep124: val_loss=0.2568 acc=0.9219
2026-01-30 22:37:08,490 | INFO | [cls] ep125: val_loss=0.2728 acc=0.9344
2026-01-30 22:37:09,785 | INFO | [cls] ep126: val_loss=0.2616 acc=0.9250
2026-01-30 22:37:11,072 | INFO | [cls] ep127: val_loss=0.2654 acc=0.9344
2026-01-30 22:37:12,357 | INFO | [cls] ep128: val_loss=0.2534 acc=0.9250
2026-01-30 22:37:13,616 | INFO | [cls] ep129: val_loss=0.2666 acc=0.9281
2026-01-30 22:37:15,011 | INFO | [cls] ep130: val_loss=0.2751 acc=0.9281
2026-01-30 22:37:16,305 | INFO | [cls] ep131: val_loss=0.2619 acc=0.9219
2026-01-30 22:37:17,596 | INFO | [cls] ep132: val_loss=0.2724 acc=0.9187
2026-01-30 22:37:18,953 | INFO | [cls] ep133: val_loss=0.2801 acc=0.9250
2026-01-30 22:37:20,258 | INFO | [cls] ep134: val_loss=0.2713 acc=0.9250
2026-01-30 22:37:21,576 | INFO | [cls] ep135: val_loss=0.2881 acc=0.9313
2026-01-30 22:37:23,179 | INFO | [cls] ep136: val_loss=0.2757 acc=0.9250
2026-01-30 22:37:24,500 | INFO | [cls] ep137: val_loss=0.2915 acc=0.9313
2026-01-30 22:37:25,772 | INFO | [cls] ep138: val_loss=0.2638 acc=0.9281
2026-01-30 22:37:27,038 | INFO | [cls] ep139: val_loss=0.2674 acc=0.9187
2026-01-30 22:37:28,314 | INFO | [cls] ep140: val_loss=0.2597 acc=0.9281
2026-01-30 22:37:29,578 | INFO | [cls] ep141: val_loss=0.2959 acc=0.9375
2026-01-30 22:37:30,892 | INFO | [cls] ep142: val_loss=0.2685 acc=0.9219
2026-01-30 22:37:32,179 | INFO | [cls] ep143: val_loss=0.2593 acc=0.9250
2026-01-30 22:37:33,472 | INFO | [cls] ep144: val_loss=0.2577 acc=0.9219
2026-01-30 22:37:34,796 | INFO | [cls] ep145: val_loss=0.2682 acc=0.9156
2026-01-30 22:37:36,079 | INFO | [cls] ep146: val_loss=0.2671 acc=0.9187
2026-01-30 22:37:37,351 | INFO | [cls] ep147: val_loss=0.2625 acc=0.9219
2026-01-30 22:37:38,633 | INFO | [cls] ep148: val_loss=0.2566 acc=0.9281
2026-01-30 22:37:39,903 | INFO | [cls] ep149: val_loss=0.2583 acc=0.9250
2026-01-30 22:37:41,179 | INFO | [cls] ep150: val_loss=0.2656 acc=0.9219
2026-01-30 22:37:41,180 | INFO | [cls] best_acc=0.9375 saved: runs\demo\cuda-20260130-222453\encoder_cls.pt

2026-01-30 22:42:48,297 | INFO | Running on device: cuda
2026-01-30 22:42:48,297 | INFO | Config: {
  "data_root": "./data",
  "image_size": 256,
  "batch_size": 16,
  "pretrain_batch_size": 160,
  "num_workers": 4,
  "seed": 42,
  "device": "cuda",
  "amp": true,
  "exp_name": "demo",
  "output_dir": "runs",
  "rebuild_split": false,
  "split": {
    "val_ratio": 0.2,
    "test_ratio": 0.1
  },
  "task": {
    "run_seg": false,
    "run_cls": false,
    "run_pretrain": true,
    "run_pretrained_encoder_to_seg": true
  },
  "optim": {
    "lr": 0.001,
    "weight_decay": 0.0001,
    "grad_clip_norm": 1.0,
    "grad_accum_steps": 1
  },
  "scheduler": {
    "type": "cosine",
    "t_max": 10,
    "eta_min": 1e-6,
    "plateau_factor": 0.5,
    "plateau_patience": 3
  },
  "epochs": {
    "seg": 150,
    "cls": 150,
    "pretrain": 100,
    "seg_ft": 50,
    "freeze_encoder_epochs": 5
  },
  "model": {
    "base_channels": 32,
    "depth": 4,
    "num_classes": 3
  },
  "pretrain": {
    "proj_dim": 128,
    "temperature": 0.2
  },
  "loss": {
    "seg_ce_weight": 1.0,
    "seg_dice_weight": 0.5
  },
  "dataloader": {
    "pin_memory": true,
    "prefetch_factor": 2,
    "persistent_workers": true
  },
  "logging": {
    "log_images_every": 5,
    "num_visual_samples": 4
  },
  "seg_output": {
    "save_original_size": true,
    "pred_mask_values": "zero_based",
    "save_overlay": true
  },
  "cls_output": {
    "save_topk_errors": true,
    "topk_errors": 12
  }
}
2026-01-30 22:42:48,301 | INFO | Loaded splits: {'n': 1600, 'seed': 42, 'val_ratio': 0.2, 'test_ratio': 0.1}
2026-01-30 22:43:13,412 | INFO | [pretrain] ep1: loss=4.1735
2026-01-30 22:43:24,241 | INFO | [pretrain] ep2: loss=3.4573
2026-01-30 22:43:35,257 | INFO | [pretrain] ep3: loss=3.1945
2026-01-30 22:43:46,271 | INFO | [pretrain] ep4: loss=3.0406
2026-01-30 22:43:57,462 | INFO | [pretrain] ep5: loss=2.8179
2026-01-30 22:44:08,657 | INFO | [pretrain] ep6: loss=2.6824
2026-01-30 22:44:19,755 | INFO | [pretrain] ep7: loss=2.5950
2026-01-30 22:44:31,010 | INFO | [pretrain] ep8: loss=2.5590
2026-01-30 22:44:41,890 | INFO | [pretrain] ep9: loss=2.4414
2026-01-30 22:44:53,016 | INFO | [pretrain] ep10: loss=2.3972
2026-01-30 22:45:04,024 | INFO | [pretrain] ep11: loss=2.2755
2026-01-30 22:45:15,239 | INFO | [pretrain] ep12: loss=2.2681
2026-01-30 22:45:26,461 | INFO | [pretrain] ep13: loss=2.2129
2026-01-30 22:45:37,659 | INFO | [pretrain] ep14: loss=2.2178
2026-01-30 22:45:48,482 | INFO | [pretrain] ep15: loss=2.1679
2026-01-30 22:45:59,629 | INFO | [pretrain] ep16: loss=2.1368
2026-01-30 22:46:10,677 | INFO | [pretrain] ep17: loss=2.1257
2026-01-30 22:46:21,511 | INFO | [pretrain] ep18: loss=2.1023
2026-01-30 22:46:32,658 | INFO | [pretrain] ep19: loss=2.0595
2026-01-30 22:46:43,805 | INFO | [pretrain] ep20: loss=2.0750
2026-01-30 22:46:54,834 | INFO | [pretrain] ep21: loss=2.0235
2026-01-30 22:47:05,770 | INFO | [pretrain] ep22: loss=1.9902
2026-01-30 22:47:16,928 | INFO | [pretrain] ep23: loss=1.9774
2026-01-30 22:47:28,066 | INFO | [pretrain] ep24: loss=1.9724
2026-01-30 22:47:38,944 | INFO | [pretrain] ep25: loss=1.9533
2026-01-30 22:47:49,994 | INFO | [pretrain] ep26: loss=1.9276
2026-01-30 22:48:01,148 | INFO | [pretrain] ep27: loss=1.9058
2026-01-30 22:48:12,201 | INFO | [pretrain] ep28: loss=1.8721
2026-01-30 22:48:23,046 | INFO | [pretrain] ep29: loss=1.8722
2026-01-30 22:48:34,027 | INFO | [pretrain] ep30: loss=1.8640
2026-01-30 22:48:44,884 | INFO | [pretrain] ep31: loss=1.8521
2026-01-30 22:48:56,056 | INFO | [pretrain] ep32: loss=1.8408
2026-01-30 22:49:07,016 | INFO | [pretrain] ep33: loss=1.8214
2026-01-30 22:49:18,189 | INFO | [pretrain] ep34: loss=1.8081
2026-01-30 22:49:29,272 | INFO | [pretrain] ep35: loss=1.7864
2026-01-30 22:49:40,140 | INFO | [pretrain] ep36: loss=1.7867
2026-01-30 22:49:51,355 | INFO | [pretrain] ep37: loss=1.7778
2026-01-30 22:50:02,311 | INFO | [pretrain] ep38: loss=1.7698
2026-01-30 22:50:13,450 | INFO | [pretrain] ep39: loss=1.7484
2026-01-30 22:50:24,544 | INFO | [pretrain] ep40: loss=1.7402
2026-01-30 22:50:35,645 | INFO | [pretrain] ep41: loss=1.7298
2026-01-30 22:50:46,597 | INFO | [pretrain] ep42: loss=1.7448
2026-01-30 22:51:08,814 | INFO | [pretrain] ep44: loss=1.7037
2026-01-30 22:51:19,877 | INFO | [pretrain] ep45: loss=1.6975
2026-01-30 22:51:30,833 | INFO | [pretrain] ep46: loss=1.7055
2026-01-30 22:51:41,943 | INFO | [pretrain] ep47: loss=1.6883
2026-01-30 22:51:53,192 | INFO | [pretrain] ep48: loss=1.6654
2026-01-30 22:52:04,314 | INFO | [pretrain] ep49: loss=1.6661
2026-01-30 22:52:15,270 | INFO | [pretrain] ep50: loss=1.6647
2026-01-30 22:52:26,171 | INFO | [pretrain] ep51: loss=1.6566
2026-01-30 22:52:37,252 | INFO | [pretrain] ep52: loss=1.6408
2026-01-30 22:52:48,267 | INFO | [pretrain] ep53: loss=1.6302
2026-01-30 22:52:59,308 | INFO | [pretrain] ep54: loss=1.6346
2026-01-30 22:53:10,402 | INFO | [pretrain] ep55: loss=1.6271
2026-01-30 22:53:21,534 | INFO | [pretrain] ep56: loss=1.6257
2026-01-30 22:53:32,568 | INFO | [pretrain] ep57: loss=1.6110
2026-01-30 22:53:43,858 | INFO | [pretrain] ep58: loss=1.6108
2026-01-30 22:53:54,919 | INFO | [pretrain] ep59: loss=1.6038
2026-01-30 22:54:05,893 | INFO | [pretrain] ep60: loss=1.6066
2026-01-30 22:54:17,089 | INFO | [pretrain] ep61: loss=1.5967
2026-01-30 22:54:27,935 | INFO | [pretrain] ep62: loss=1.5926
2026-01-30 22:54:38,905 | INFO | [pretrain] ep63: loss=1.5866
2026-01-30 22:54:49,889 | INFO | [pretrain] ep64: loss=1.5720
2026-01-30 22:55:00,967 | INFO | [pretrain] ep65: loss=1.5737
2026-01-30 22:55:11,928 | INFO | [pretrain] ep66: loss=1.5792
2026-01-30 22:55:22,863 | INFO | [pretrain] ep67: loss=1.5659
2026-01-30 22:55:34,026 | INFO | [pretrain] ep68: loss=1.5628
2026-01-30 22:55:45,097 | INFO | [pretrain] ep69: loss=1.5622
2026-01-30 22:55:56,261 | INFO | [pretrain] ep70: loss=1.5596
2026-01-30 22:56:07,399 | INFO | [pretrain] ep71: loss=1.5482
2026-01-30 22:56:18,364 | INFO | [pretrain] ep72: loss=1.5398
2026-01-30 22:56:29,229 | INFO | [pretrain] ep73: loss=1.5455
2026-01-30 22:56:40,040 | INFO | [pretrain] ep74: loss=1.5353
2026-01-30 22:56:51,064 | INFO | [pretrain] ep75: loss=1.5352
2026-01-30 22:57:02,217 | INFO | [pretrain] ep76: loss=1.5310
2026-01-30 22:57:13,345 | INFO | [pretrain] ep77: loss=1.5292
2026-01-30 22:57:24,379 | INFO | [pretrain] ep78: loss=1.5243
2026-01-30 22:57:35,328 | INFO | [pretrain] ep79: loss=1.5266
2026-01-30 22:57:46,445 | INFO | [pretrain] ep80: loss=1.5187
2026-01-30 22:57:57,278 | INFO | [pretrain] ep81: loss=1.5162
2026-01-30 22:58:08,314 | INFO | [pretrain] ep82: loss=1.5180
2026-01-30 22:58:19,444 | INFO | [pretrain] ep83: loss=1.5193
2026-01-30 22:58:30,557 | INFO | [pretrain] ep84: loss=1.5160
2026-01-30 22:58:41,399 | INFO | [pretrain] ep85: loss=1.5083
2026-01-30 22:58:52,225 | INFO | [pretrain] ep86: loss=1.5061
2026-01-30 22:59:03,156 | INFO | [pretrain] ep87: loss=1.5006
2026-01-30 22:59:14,303 | INFO | [pretrain] ep88: loss=1.5091
2026-01-30 22:59:25,440 | INFO | [pretrain] ep89: loss=1.5013
2026-01-30 22:59:36,444 | INFO | [pretrain] ep90: loss=1.5024
2026-01-30 22:59:47,467 | INFO | [pretrain] ep91: loss=1.4990
2026-01-30 22:59:58,408 | INFO | [pretrain] ep92: loss=1.5003
2026-01-30 23:00:09,223 | INFO | [pretrain] ep93: loss=1.4992
2026-01-30 23:00:20,247 | INFO | [pretrain] ep94: loss=1.5040
2026-01-30 23:00:31,383 | INFO | [pretrain] ep95: loss=1.5031
2026-01-30 23:00:42,238 | INFO | [pretrain] ep96: loss=1.4978
2026-01-30 23:00:53,360 | INFO | [pretrain] ep97: loss=1.4921
2026-01-30 23:01:04,302 | INFO | [pretrain] ep98: loss=1.4918
2026-01-30 23:01:15,344 | INFO | [pretrain] ep99: loss=1.4967
2026-01-30 23:01:26,457 | INFO | [pretrain] ep100: loss=1.4993
2026-01-30 23:01:26,458 | INFO | [pretrain] best_loss=1.4918 saved: runs\demo\WIN-20240402CTJ-20260130-224248\encoder_simclr.pt
2026-01-30 23:01:48,666 | INFO | [seg] ep1: val_loss=0.7951 dice=0.6779 iou=0.5332
2026-01-30 23:01:50,845 | INFO | [seg] ep2: val_loss=0.6752 dice=0.7192 iou=0.5826
2026-01-30 23:01:53,015 | INFO | [seg] ep3: val_loss=0.6419 dice=0.7195 iou=0.5886
2026-01-30 23:01:55,184 | INFO | [seg] ep4: val_loss=0.6327 dice=0.7348 iou=0.6004
2026-01-30 23:01:57,536 | INFO | [seg] ep5: val_loss=0.5913 dice=0.7531 iou=0.6234
2026-01-30 23:01:57,609 | INFO | [seg] best_dice=0.7531 saved: runs\demo\WIN-20240402CTJ-20260130-224248\unet_pretrained_frozen.pt
2026-01-30 23:02:00,420 | INFO | [seg] ep1: val_loss=0.5882 dice=0.7543 iou=0.6250
2026-01-30 23:02:03,216 | INFO | [seg] ep2: val_loss=0.5835 dice=0.7568 iou=0.6284
2026-01-30 23:02:06,014 | INFO | [seg] ep3: val_loss=0.5848 dice=0.7560 iou=0.6272
2026-01-30 23:02:08,777 | INFO | [seg] ep4: val_loss=0.5839 dice=0.7567 iou=0.6280
2026-01-30 23:02:11,711 | INFO | [seg] ep5: val_loss=0.5874 dice=0.7545 iou=0.6254
2026-01-30 23:02:14,515 | INFO | [seg] ep6: val_loss=0.5829 dice=0.7575 iou=0.6290
2026-01-30 23:02:17,331 | INFO | [seg] ep7: val_loss=0.5877 dice=0.7559 iou=0.6268
2026-01-30 23:02:20,120 | INFO | [seg] ep8: val_loss=0.5820 dice=0.7566 iou=0.6279
2026-01-30 23:02:22,879 | INFO | [seg] ep9: val_loss=0.5884 dice=0.7549 iou=0.6257
2026-01-30 23:02:25,909 | INFO | [seg] ep10: val_loss=0.5862 dice=0.7558 iou=0.6267
2026-01-30 23:02:28,677 | INFO | [seg] ep11: val_loss=0.5899 dice=0.7544 iou=0.6249
2026-01-30 23:02:31,453 | INFO | [seg] ep12: val_loss=0.5816 dice=0.7574 iou=0.6288
2026-01-30 23:02:34,247 | INFO | [seg] ep13: val_loss=0.5813 dice=0.7570 iou=0.6285
2026-01-30 23:02:37,017 | INFO | [seg] ep14: val_loss=0.5828 dice=0.7561 iou=0.6274
2026-01-30 23:02:39,976 | INFO | [seg] ep15: val_loss=0.5827 dice=0.7565 iou=0.6276
2026-01-30 23:02:42,791 | INFO | [seg] ep16: val_loss=0.5849 dice=0.7559 iou=0.6269
2026-01-30 23:02:45,577 | INFO | [seg] ep17: val_loss=0.5825 dice=0.7569 iou=0.6284
2026-01-30 23:02:48,366 | INFO | [seg] ep18: val_loss=0.5913 dice=0.7546 iou=0.6250
2026-01-30 23:02:51,131 | INFO | [seg] ep19: val_loss=0.5895 dice=0.7540 iou=0.6244
2026-01-30 23:02:54,060 | INFO | [seg] ep20: val_loss=0.5819 dice=0.7564 iou=0.6275
2026-01-30 23:02:56,898 | INFO | [seg] ep21: val_loss=0.5834 dice=0.7568 iou=0.6279
2026-01-30 23:02:59,679 | INFO | [seg] ep22: val_loss=0.5813 dice=0.7562 iou=0.6275
2026-01-30 23:03:02,494 | INFO | [seg] ep23: val_loss=0.5799 dice=0.7566 iou=0.6281
2026-01-30 23:03:05,276 | INFO | [seg] ep24: val_loss=0.5829 dice=0.7567 iou=0.6279
2026-01-30 23:03:08,222 | INFO | [seg] ep25: val_loss=0.5807 dice=0.7562 iou=0.6276
2026-01-30 23:03:11,011 | INFO | [seg] ep26: val_loss=0.5792 dice=0.7575 iou=0.6292
2026-01-30 23:03:13,840 | INFO | [seg] ep27: val_loss=0.5791 dice=0.7573 iou=0.6289
2026-01-30 23:03:16,643 | INFO | [seg] ep28: val_loss=0.5837 dice=0.7556 iou=0.6266
2026-01-30 23:03:19,458 | INFO | [seg] ep29: val_loss=0.5866 dice=0.7539 iou=0.6244
2026-01-30 23:03:22,456 | INFO | [seg] ep30: val_loss=0.5841 dice=0.7557 iou=0.6267
2026-01-30 23:03:25,250 | INFO | [seg] ep31: val_loss=0.5841 dice=0.7565 iou=0.6275
2026-01-30 23:03:28,032 | INFO | [seg] ep32: val_loss=0.5835 dice=0.7568 iou=0.6279
2026-01-30 23:03:30,794 | INFO | [seg] ep33: val_loss=0.5799 dice=0.7567 iou=0.6279
2026-01-30 23:03:33,566 | INFO | [seg] ep34: val_loss=0.5823 dice=0.7566 iou=0.6278
2026-01-30 23:03:36,567 | INFO | [seg] ep35: val_loss=0.5778 dice=0.7581 iou=0.6299
2026-01-30 23:03:39,358 | INFO | [seg] ep36: val_loss=0.5775 dice=0.7592 iou=0.6311
2026-01-30 23:03:42,172 | INFO | [seg] ep37: val_loss=0.5780 dice=0.7576 iou=0.6292
2026-01-30 23:03:44,936 | INFO | [seg] ep38: val_loss=0.5790 dice=0.7574 iou=0.6290
2026-01-30 23:03:47,698 | INFO | [seg] ep39: val_loss=0.5821 dice=0.7559 iou=0.6269
2026-01-30 23:03:50,671 | INFO | [seg] ep40: val_loss=0.5777 dice=0.7580 iou=0.6299
2026-01-30 23:03:53,469 | INFO | [seg] ep41: val_loss=0.5797 dice=0.7581 iou=0.6297
2026-01-30 23:03:56,242 | INFO | [seg] ep42: val_loss=0.5761 dice=0.7594 iou=0.6313
2026-01-30 23:03:59,066 | INFO | [seg] ep43: val_loss=0.5804 dice=0.7576 iou=0.6291
2026-01-30 23:04:01,877 | INFO | [seg] ep44: val_loss=0.5807 dice=0.7565 iou=0.6277
2026-01-30 23:04:04,871 | INFO | [seg] ep45: val_loss=0.5756 dice=0.7574 iou=0.6290
2026-01-30 23:04:07,659 | INFO | [seg] ep46: val_loss=0.5773 dice=0.7591 iou=0.6310
2026-01-30 23:04:10,439 | INFO | [seg] ep47: val_loss=0.5765 dice=0.7577 iou=0.6294
2026-01-30 23:04:13,215 | INFO | [seg] ep48: val_loss=0.5780 dice=0.7584 iou=0.6299
2026-01-30 23:04:15,980 | INFO | [seg] ep49: val_loss=0.5809 dice=0.7568 iou=0.6280
2026-01-30 23:04:18,921 | INFO | [seg] ep50: val_loss=0.5729 dice=0.7594 iou=0.6316
2026-01-30 23:04:18,983 | INFO | [seg] best_dice=0.7594 saved: runs\demo\WIN-20240402CTJ-20260130-224248\unet_pretrained_ft.pt
2026-01-30 23:04:49,126 | INFO | [seg_pretrained] test metrics: {'loss': 0.6182506680488586, 'dice': 0.7451844215393066, 'iou': 0.6122056841850281, 'dice_c0': 0.7937704920768738, 'iou_c0': 0.6580592393875122, 'dice_c1': 0.883517324924469, 'iou_c1': 0.7913398742675781, 'dice_c2': 0.5582655668258667, 'iou_c2': 0.38721799850463867}
